


vagrant@ubuntu-bionic:~$ uname -a
Linux ubuntu-bionic 4.15.0-38-generic #41-Ubuntu SMP Wed Oct 10 10:59:38 UTC 2018 x86_64 x86_64 x86_64 GNU/Linux
vagrant@ubuntu-bionic:~$ which python3
/usr/bin/python3
vagrant@ubuntu-bionic:~$ python3 --version
Python 3.6.6



vagrant@ubuntu-bionic:~$ pip

Command 'pip' not found, but can be installed with:

apt install python-pip
Please ask your administrator.
vagrant@ubuntu-bionic:~$ sudo apt install python-pip
Reading package lists... Done
Building dependency tree       
Reading state information... Done
E: Unable to locate package python-pip



vagrant@ubuntu-bionic:~$ sudo apt-get update
Get:1 http://security.ubuntu.com/ubuntu bionic-security InRelease [83.2 kB]              
Hit:2 http://archive.ubuntu.com/ubuntu bionic InRelease           
Get:3 http://archive.ubuntu.com/ubuntu bionic-updates InRelease [88.7 kB]           
Get:4 http://security.ubuntu.com/ubuntu bionic-security/main Sources [61.0 kB]
Get:5 http://archive.ubuntu.com/ubuntu bionic-backports InRelease [74.6 kB]                                                                            
Get:6 http://security.ubuntu.com/ubuntu bionic-security/universe Sources [23.0 kB]                                                                     
Get:7 http://archive.ubuntu.com/ubuntu bionic/restricted Sources [5324 B]                                                                              
Get:8 http://security.ubuntu.com/ubuntu bionic-security/multiverse Sources [1332 B]                                                                    
Get:9 http://archive.ubuntu.com/ubuntu bionic/multiverse Sources [181 kB]                                                                              
Get:10 http://security.ubuntu.com/ubuntu bionic-security/main amd64 Packages [205 kB]                                                                  
Get:11 http://archive.ubuntu.com/ubuntu bionic/universe Sources [9051 kB]                                                                              
Get:12 http://security.ubuntu.com/ubuntu bionic-security/main Translation-en [80.9 kB]                                                                 
Get:13 http://security.ubuntu.com/ubuntu bionic-security/universe amd64 Packages [96.6 kB]                                                             
Get:14 http://security.ubuntu.com/ubuntu bionic-security/universe Translation-en [54.6 kB]                                                             
Get:15 http://security.ubuntu.com/ubuntu bionic-security/multiverse amd64 Packages [1448 B]                                                            
Get:16 http://security.ubuntu.com/ubuntu bionic-security/multiverse Translation-en [996 B]                                                             
Get:17 http://archive.ubuntu.com/ubuntu bionic/main Sources [829 kB]                                                                                   
Get:18 http://archive.ubuntu.com/ubuntu bionic/universe amd64 Packages [8570 kB]                                                                       
Get:19 http://archive.ubuntu.com/ubuntu bionic/universe Translation-en [4941 kB]                                                                       
Get:20 http://archive.ubuntu.com/ubuntu bionic/multiverse amd64 Packages [151 kB]                                                                      
Get:21 http://archive.ubuntu.com/ubuntu bionic/multiverse Translation-en [108 kB]                                                                      
Get:22 http://archive.ubuntu.com/ubuntu bionic-updates/restricted Sources [2064 B]                                                                     
Get:23 http://archive.ubuntu.com/ubuntu bionic-updates/universe Sources [97.5 kB]                                                                      
Get:24 http://archive.ubuntu.com/ubuntu bionic-updates/multiverse Sources [3212 B]                                                                     
Get:25 http://archive.ubuntu.com/ubuntu bionic-updates/main Sources [211 kB]                                                                           
Get:26 http://archive.ubuntu.com/ubuntu bionic-updates/main amd64 Packages [437 kB]                                                                    
Get:27 http://archive.ubuntu.com/ubuntu bionic-updates/main Translation-en [164 kB]                                                                    
Get:28 http://archive.ubuntu.com/ubuntu bionic-updates/restricted amd64 Packages [6992 B]                                                              
Get:29 http://archive.ubuntu.com/ubuntu bionic-updates/universe amd64 Packages [575 kB]                                                                
Get:30 http://archive.ubuntu.com/ubuntu bionic-updates/universe Translation-en [154 kB]                                                                
Get:31 http://archive.ubuntu.com/ubuntu bionic-updates/multiverse amd64 Packages [5696 B]                                                              
Get:32 http://archive.ubuntu.com/ubuntu bionic-updates/multiverse Translation-en [3176 B]                                                              
Get:33 http://archive.ubuntu.com/ubuntu bionic-backports/universe Sources [2108 B]                                                                     
Get:34 http://archive.ubuntu.com/ubuntu bionic-backports/universe amd64 Packages [2852 B]                                                              
Get:35 http://archive.ubuntu.com/ubuntu bionic-backports/universe Translation-en [1200 B]                                                              
Fetched 26.3 MB in 1min 43s (256 kB/s)                                                                                                                 
Reading package lists... Done



vagrant@ubuntu-bionic:~$ sudo apt-cache search python-pip
python-pip - Python package installer
python-pip-whl - Python package installer
vagrant@ubuntu-bionic:~$ sudo apt -y install python-pip
Reading package lists... Done
Building dependency tree       
Reading state information... Done
The following additional packages will be installed:
  binutils binutils-common binutils-x86-64-linux-gnu build-essential cpp cpp-7 dpkg-dev fakeroot g++ g++-7 gcc gcc-7 gcc-7-base libalgorithm-diff-perl
  libalgorithm-diff-xs-perl libalgorithm-merge-perl libasan4 libatomic1 libbinutils libc-dev-bin libc6-dev libcc1-0 libcilkrts5 libdpkg-perl
  libexpat1-dev libfakeroot libfile-fcntllock-perl libgcc-7-dev libgomp1 libisl19 libitm1 liblsan0 libmpc3 libmpx2 libpython-all-dev libpython-dev
  libpython-stdlib libpython2.7 libpython2.7-dev libpython2.7-minimal libpython2.7-stdlib libquadmath0 libstdc++-7-dev libtsan0 libubsan0
  linux-libc-dev make manpages-dev python python-all python-all-dev python-asn1crypto python-cffi-backend python-crypto python-cryptography
  python-dbus python-dev python-enum34 python-gi python-idna python-ipaddress python-keyring python-keyrings.alt python-minimal python-pip-whl
  python-pkg-resources python-secretstorage python-setuptools python-six python-wheel python-xdg python2.7 python2.7-dev python2.7-minimal
Suggested packages:
  binutils-doc cpp-doc gcc-7-locales debian-keyring g++-multilib g++-7-multilib gcc-7-doc libstdc++6-7-dbg gcc-multilib autoconf automake libtool flex
  bison gdb gcc-doc gcc-7-multilib libgcc1-dbg libgomp1-dbg libitm1-dbg libatomic1-dbg libasan4-dbg liblsan0-dbg libtsan0-dbg libubsan0-dbg
  libcilkrts5-dbg libmpx2-dbg libquadmath0-dbg glibc-doc bzr libstdc++-7-doc make-doc python-doc python-tk python-crypto-doc python-cryptography-doc
  python-cryptography-vectors python-dbus-dbg python-dbus-doc python-enum34-doc python-gi-cairo gnome-keyring libkf5wallet-bin gir1.2-gnomekeyring-1.0
  python-fs python-gdata python-keyczar python-secretstorage-doc python-setuptools-doc python2.7-doc binfmt-support
The following NEW packages will be installed:
  binutils binutils-common binutils-x86-64-linux-gnu build-essential cpp cpp-7 dpkg-dev fakeroot g++ g++-7 gcc gcc-7 gcc-7-base libalgorithm-diff-perl
  libalgorithm-diff-xs-perl libalgorithm-merge-perl libasan4 libatomic1 libbinutils libc-dev-bin libc6-dev libcc1-0 libcilkrts5 libdpkg-perl
  libexpat1-dev libfakeroot libfile-fcntllock-perl libgcc-7-dev libgomp1 libisl19 libitm1 liblsan0 libmpc3 libmpx2 libpython-all-dev libpython-dev
  libpython-stdlib libpython2.7 libpython2.7-dev libpython2.7-minimal libpython2.7-stdlib libquadmath0 libstdc++-7-dev libtsan0 libubsan0
  linux-libc-dev make manpages-dev python python-all python-all-dev python-asn1crypto python-cffi-backend python-crypto python-cryptography
  python-dbus python-dev python-enum34 python-gi python-idna python-ipaddress python-keyring python-keyrings.alt python-minimal python-pip
  python-pip-whl python-pkg-resources python-secretstorage python-setuptools python-six python-wheel python-xdg python2.7 python2.7-dev
  python2.7-minimal
0 upgraded, 75 newly installed, 0 to remove and 27 not upgraded.
Need to get 74.2 MB of archives.
After this operation, 235 MB of additional disk space will be used.

...
...

Setting up libquadmath0:amd64 (8.2.0-1ubuntu2~18.04) ...
Setting up libgomp1:amd64 (8.2.0-1ubuntu2~18.04) ...
Setting up libatomic1:amd64 (8.2.0-1ubuntu2~18.04) ...
Setting up python-pip-whl (9.0.1-2.3~ubuntu1) ...
Setting up libcc1-0:amd64 (8.2.0-1ubuntu2~18.04) ...
Setting up make (4.1-9.1ubuntu1) ...
Processing triggers for mime-support (3.60ubuntu1) ...
Setting up libtsan0:amd64 (8.2.0-1ubuntu2~18.04) ...
Setting up linux-libc-dev:amd64 (4.15.0-39.42) ...
Setting up libdpkg-perl (1.19.0.5ubuntu2.1) ...
Setting up liblsan0:amd64 (8.2.0-1ubuntu2~18.04) ...
Setting up gcc-7-base:amd64 (7.3.0-27ubuntu1~18.04) ...
Setting up binutils-common:amd64 (2.30-21ubuntu1~18.04) ...
Setting up libfile-fcntllock-perl (0.22-3build2) ...
Setting up libmpx2:amd64 (8.2.0-1ubuntu2~18.04) ...
Processing triggers for libc-bin (2.27-3ubuntu1) ...
Setting up libfakeroot:amd64 (1.22-2ubuntu1) ...
Setting up libalgorithm-diff-perl (1.19.03-1) ...
Processing triggers for man-db (2.8.3-2ubuntu0.1) ...
Setting up libmpc3:amd64 (1.1.0-1) ...
Setting up libc-dev-bin (2.27-3ubuntu1) ...
Setting up manpages-dev (4.15-1) ...
Setting up libc6-dev:amd64 (2.27-3ubuntu1) ...
Setting up libitm1:amd64 (8.2.0-1ubuntu2~18.04) ...
Setting up libpython2.7-stdlib:amd64 (2.7.15~rc1-1ubuntu0.1) ...
Setting up libisl19:amd64 (0.19-1) ...
Setting up libasan4:amd64 (7.3.0-27ubuntu1~18.04) ...
Setting up libbinutils:amd64 (2.30-21ubuntu1~18.04) ...
Setting up libcilkrts5:amd64 (7.3.0-27ubuntu1~18.04) ...
Setting up libubsan0:amd64 (7.3.0-27ubuntu1~18.04) ...
Setting up python2.7 (2.7.15~rc1-1ubuntu0.1) ...
Setting up fakeroot (1.22-2ubuntu1) ...
update-alternatives: using /usr/bin/fakeroot-sysv to provide /usr/bin/fakeroot (fakeroot) in auto mode
Setting up libgcc-7-dev:amd64 (7.3.0-27ubuntu1~18.04) ...
Setting up cpp-7 (7.3.0-27ubuntu1~18.04) ...
Setting up libstdc++-7-dev:amd64 (7.3.0-27ubuntu1~18.04) ...
Setting up libpython-stdlib:amd64 (2.7.15~rc1-1) ...
Setting up libalgorithm-merge-perl (0.08-3) ...
Setting up libalgorithm-diff-xs-perl (0.04-5) ...
Setting up libpython2.7:amd64 (2.7.15~rc1-1ubuntu0.1) ...
Setting up libexpat1-dev:amd64 (2.2.5-3) ...
Setting up libpython2.7-dev:amd64 (2.7.15~rc1-1ubuntu0.1) ...
Setting up python2.7-dev (2.7.15~rc1-1ubuntu0.1) ...
Setting up python (2.7.15~rc1-1) ...
Setting up python-xdg (0.25-4ubuntu1) ...
Setting up binutils-x86-64-linux-gnu (2.30-21ubuntu1~18.04) ...
Setting up python-idna (2.6-1) ...
Setting up cpp (4:7.3.0-3ubuntu2.1) ...
Setting up libpython-dev:amd64 (2.7.15~rc1-1) ...
Setting up python-asn1crypto (0.24.0-1) ...
Setting up python-crypto (2.6.1-8ubuntu2) ...
Setting up python-dev (2.7.15~rc1-1) ...
Setting up python-wheel (0.30.0-0.2) ...
Setting up libpython-all-dev:amd64 (2.7.15~rc1-1) ...
Setting up python-pkg-resources (39.0.1-2) ...
Setting up python-cffi-backend (1.11.5-1) ...
Setting up python-gi (3.26.1-2) ...
Setting up python-six (1.11.0-2) ...
Setting up python-enum34 (1.1.6-2) ...
Setting up binutils (2.30-21ubuntu1~18.04) ...
Setting up python-dbus (1.2.6-1) ...
Setting up python-ipaddress (1.0.17-1) ...
Setting up python-pip (9.0.1-2.3~ubuntu1) ...
Setting up python-all (2.7.15~rc1-1) ...
Setting up python-setuptools (39.0.1-2) ...
Setting up gcc-7 (7.3.0-27ubuntu1~18.04) ...
Setting up g++-7 (7.3.0-27ubuntu1~18.04) ...
Setting up gcc (4:7.3.0-3ubuntu2.1) ...
Setting up python-keyrings.alt (3.0-1) ...
Setting up dpkg-dev (1.19.0.5ubuntu2.1) ...
Setting up python-all-dev (2.7.15~rc1-1) ...
Setting up python-cryptography (2.1.4-1ubuntu1.2) ...
Setting up g++ (4:7.3.0-3ubuntu2.1) ...
update-alternatives: using /usr/bin/g++ to provide /usr/bin/c++ (c++) in auto mode
Setting up python-secretstorage (2.3.1-2) ...
Setting up python-keyring (10.6.0-1) ...
Setting up build-essential (12.4ubuntu1) ...
Processing triggers for libc-bin (2.27-3ubuntu1) ...



vagrant@ubuntu-bionic:~$ python<TAB><TAB>
python               python2              python2.7            python3              python3-jsonpatch    python3-jsonschema   python3.6m
python-config        python2-config       python2.7-config     python3-jsondiff     python3-jsonpointer  python3.6            python3m
vagrant@ubuntu-bionic:~$ python2 --version
Python 2.7.15rc1



vagrant@ubuntu-bionic:~$ sudo pip install virtualenv
The directory '/home/vagrant/.cache/pip/http' or its parent directory is not owned by the current user and the cache has been disabled. Please check the permissions and owner of that directory. If executing pip with sudo, you may want sudo's -H flag.
The directory '/home/vagrant/.cache/pip' or its parent directory is not owned by the current user and caching wheels has been disabled. check the permissions and owner of that directory. If executing pip with sudo, you may want sudo's -H flag.
Collecting virtualenv
  Downloading https://files.pythonhosted.org/packages/7c/17/9b7b6cddfd255388b58c61e25b091047f6814183e1d63741c8df8dcd65a2/virtualenv-16.1.0-py2.py3-none-any.whl (1.9MB)
    100% |████████████████████████████████| 1.9MB 35kB/s 
Installing collected packages: virtualenv
Successfully installed virtualenv-16.1.0



vagrant@ubuntu-bionic:/Users/fanhongling/Downloads/workspace/src/github.com/tangfeixiong/lang-learn/python/machine-learning$ virtualenv venv-py2
New python executable in /Users/fanhongling/Downloads/workspace/src/github.com/tangfeixiong/lang-learn/python/machine-learning/venv-py2/bin/python
Installing setuptools, pip, wheel...
done.



vagrant@ubuntu-bionic:/Users/fanhongling/Downloads/workspace/src/github.com/tangfeixiong/lang-learn/python/machine-learning$ . venv-py2/bin/activate



(venv-py2) vagrant@ubuntu-bionic:/Users/fanhongling/Downloads/workspace/src/github.com/tangfeixiong/lang-learn/python/machine-learning$ which python
/Users/fanhongling/Downloads/workspace/src/github.com/tangfeixiong/lang-learn/python/machine-learning/venv-py2/bin/python
(venv-py2) vagrant@ubuntu-bionic:/Users/fanhongling/Downloads/workspace/src/github.com/tangfeixiong/lang-learn/python/machine-learning$ pip -V
pip 20.3.4 from /Users/fanhongling/Downloads/workspace/src/github.com/tangfeixiong/lang-learn/python/machine-learning/venv-py2/lib/python2.7/site-packages/pip (python 2.7)



(venv-py2) vagrant@ubuntu-bionic:~$ deactivate




vagrant@ubuntu-bionic:~$ sudo apt-cache search python3-pip
python3-pip - Python package installer



vagrant@ubuntu-bionic:~$ sudo apt -y install python3-pip
Reading package lists... Done
Building dependency tree       
Reading state information... Done
The following additional packages will be installed:
  dh-python libpython3-dev libpython3.6-dev python3-crypto python3-dev python3-distutils python3-keyring python3-keyrings.alt python3-lib2to3
  python3-secretstorage python3-setuptools python3-wheel python3-xdg python3.6-dev
Suggested packages:
  python-crypto-doc gnome-keyring libkf5wallet-bin gir1.2-gnomekeyring-1.0 python-secretstorage-doc python-setuptools-doc
The following NEW packages will be installed:
  dh-python libpython3-dev libpython3.6-dev python3-crypto python3-dev python3-distutils python3-keyring python3-keyrings.alt python3-lib2to3
  python3-pip python3-secretstorage python3-setuptools python3-wheel python3-xdg python3.6-dev
0 upgraded, 15 newly installed, 0 to remove and 27 not upgraded.
Need to get 46.4 MB of archives.
After this operation, 83.2 MB of additional disk space will be used.

...
...

Setting up python3-crypto (2.6.1-8ubuntu2) ...
Setting up python3-xdg (0.25-4ubuntu1) ...
Setting up python3-keyrings.alt (3.0-1) ...
Setting up python3-wheel (0.30.0-0.2) ...
Setting up libpython3.6-dev:amd64 (3.6.6-1~18.04) ...
Processing triggers for man-db (2.8.3-2ubuntu0.1) ...
Setting up python3.6-dev (3.6.6-1~18.04) ...
Setting up python3-lib2to3 (3.6.5-3) ...
Setting up python3-secretstorage (2.3.1-2) ...
Setting up python3-distutils (3.6.5-3) ...
Setting up libpython3-dev:amd64 (3.6.5-3ubuntu1) ...
Setting up python3-keyring (10.6.0-1) ...
Setting up python3-pip (9.0.1-2.3~ubuntu1) ...
Setting up python3-setuptools (39.0.1-2) ...
Setting up dh-python (3.20180325ubuntu2) ...
Setting up python3-dev (3.6.5-3ubuntu1) ...
